==============================================================
Adapter Strategy Ablation (cross-session LOOCV)
Strategies: head_only | ln_head | full_ft
==============================================================

  Strategy: head_only
    [ 1/23] sub-HYPE00  err=0.0127
    [ 2/23] sub-HYPE01  err=0.0290
    [ 3/23] sub-HYPE02  err=0.0188
    [ 4/23] sub-HYPE03  err=0.0081
    [ 5/23] sub-HYPE04  err=0.0167
    [ 6/23] sub-HYPE05  err=0.0018
    [ 7/23] sub-HYPE06  err=0.0057
    [ 8/23] sub-HYPE07  err=0.0064
    [ 9/23] sub-HYPE08  err=0.0105
    [10/23] sub-HYPE09  err=0.0181
    [11/23] sub-HYPE10  err=0.0034
    [12/23] sub-HYPE11  err=0.0134
    [13/23] sub-HYPE12  err=0.0053
    [14/23] sub-HYPE13  err=0.0130
    [15/23] sub-HYPE14  err=0.0178
    [16/23] sub-HYPE15  err=0.0189
    [17/23] sub-HYPE16  err=0.0254
    [18/23] sub-HYPE17  err=0.0027
    [19/23] sub-HYPE18  err=0.0073
    [20/23] sub-HYPE19  err=0.0204
    [21/23] sub-HYPE20  err=0.0004
    [22/23] sub-HYPE21  err=0.0335
    [23/23] sub-HYPE22  err=0.0174
  → MAE=0.0133 ± 0.0087  CI=[0.0099-0.0170]  bias=-0.0022  trainable_params=257

  Strategy: ln_head
    [ 1/23] sub-HYPE00  err=0.0129
    [ 2/23] sub-HYPE01  err=0.0276
    [ 3/23] sub-HYPE02  err=0.0118
    [ 4/23] sub-HYPE03  err=0.0075
    [ 5/23] sub-HYPE04  err=0.0266
    [ 6/23] sub-HYPE05  err=0.0090
    [ 7/23] sub-HYPE06  err=0.0089
    [ 8/23] sub-HYPE07  err=0.0128
    [ 9/23] sub-HYPE08  err=0.0085
    [10/23] sub-HYPE09  err=0.0184
    [11/23] sub-HYPE10  err=0.0080
    [12/23] sub-HYPE11  err=0.0159
    [13/23] sub-HYPE12  err=0.0017
    [14/23] sub-HYPE13  err=0.0119
    [15/23] sub-HYPE14  err=0.0158
    [16/23] sub-HYPE15  err=0.0193
    [17/23] sub-HYPE16  err=0.0229
    [18/23] sub-HYPE17  err=0.0008
    [19/23] sub-HYPE18  err=0.0064
    [20/23] sub-HYPE19  err=0.0124
    [21/23] sub-HYPE20  err=0.0035
    [22/23] sub-HYPE21  err=0.0339
    [23/23] sub-HYPE22  err=0.0175
  → MAE=0.0137 ± 0.0082  CI=[0.0104-0.0172]  bias=-0.0023  trainable_params=769

  Strategy: full_ft
    [ 1/23] sub-HYPE00  err=0.0109
    [ 2/23] sub-HYPE01  err=0.0194
    [ 3/23] sub-HYPE02  err=0.0030
    [ 4/23] sub-HYPE03  err=0.0123
    [ 5/23] sub-HYPE04  err=0.0110
    [ 6/23] sub-HYPE05  err=0.0026
    [ 7/23] sub-HYPE06  err=0.0098
    [ 8/23] sub-HYPE07  err=0.0001
    [ 9/23] sub-HYPE08  err=0.0124
    [10/23] sub-HYPE09  err=0.0115
    [11/23] sub-HYPE10  err=0.0089
    [12/23] sub-HYPE11  err=0.0189
    [13/23] sub-HYPE12  err=0.0033
    [14/23] sub-HYPE13  err=0.0181
    [15/23] sub-HYPE14  err=0.0149
    [16/23] sub-HYPE15  err=0.0186
    [17/23] sub-HYPE16  err=0.0256
    [18/23] sub-HYPE17  err=0.0012
    [19/23] sub-HYPE18  err=0.0145
    [20/23] sub-HYPE19  err=0.0074
    [21/23] sub-HYPE20  err=0.0077
    [22/23] sub-HYPE21  err=0.0355
    [23/23] sub-HYPE22  err=0.0151
  → MAE=0.0123 ± 0.0081  CI=[0.0091-0.0158]  bias=+0.0018  trainable_params=4225537

==============================================================
ADAPTER ABLATION SUMMARY
Strategy            Params      MAE      ±SD             95% CI     Bias
--------------------------------------------------------------
  head_only            257   0.0133   0.0087    [0.0099-0.0170]  -0.0022
  ln_head              769   0.0137   0.0082    [0.0104-0.0172]  -0.0023
  full_ft        4,225,537   0.0123   0.0081    [0.0091-0.0158]  +0.0018

Saved → /home/gk-krishnan/Desktop/VIT Paper/Paper 2/experiments/ablation_adapter/results.json
