Loading biomarker labels...
  156 volumes with labels
  156 usable pairs
  Split: train=109, val=23, test=24

============================================================
Training ViT — Physics-Informed (physics simulation)
============================================================
  Epoch  5/30 | train=0.0051 val=0.0036
  Epoch 10/30 | train=0.0039 val=0.0023
  Epoch 15/30 | train=0.0035 val=0.0037
  Epoch 20/30 | train=0.0027 val=0.0027
  Epoch 25/30 | train=0.0021 val=0.0017
  Epoch 30/30 | train=0.0016 val=0.0014
  Best val_loss: 0.0014

============================================================
Training ViT — Arnold Gaussian (arnold simulation)
============================================================
  Epoch  5/30 | train=0.0046 val=0.0036
  Epoch 10/30 | train=0.0034 val=0.0018
  Epoch 15/30 | train=0.0029 val=0.0026
  Epoch 20/30 | train=0.0026 val=0.0026
  Epoch 25/30 | train=0.0021 val=0.0012
  Epoch 30/30 | train=0.0019 val=0.0012
  Best val_loss: 0.0012

===========================================================================
Ablation: Physics-Informed Sim vs Arnold Gaussian Blur
n_test = 24  |  ↑ higher is better, ↓ lower is better
===========================================================================
Method                           MSE↓     MAE↓    BTF-R2↑   BTF-r↑
-----------------------------------------------------------------
Ours (Physics-Informed)       0.00304   0.0345     0.0488   0.2229
Arnold et al. (Gaussian)      0.00134   0.0240     0.0972   0.4127
===========================================================================

Per-Biomarker R2 (Physics vs Arnold):
Biomarker    Phys R2    Arnold R2     Phys r   Arnold r
-------------------------------------------------------
BTF          0.0488       0.0972     0.2229     0.4127
TCR         -0.8817      -0.6236    -0.3918    -0.1645
VBR         -0.0983       0.0399     0.2349     0.3211
MCI         -0.0407       0.8952     0.3008     0.9495
===========================================================================

Results saved to /home/gk-krishnan/Desktop/VIT Paper/experiments/ablation_arnold/
