==============================================================
LoRA Adapter Arm (cross-session LOOCV)  r=4 alpha=8
==============================================================
  [ 1/23] sub-HYPE00  err=0.0128
  [ 2/23] sub-HYPE01  err=0.0265
  [ 3/23] sub-HYPE02  err=0.0110
  [ 4/23] sub-HYPE03  err=0.0088
  [ 5/23] sub-HYPE04  err=0.0160
  [ 6/23] sub-HYPE05  err=0.0084
  [ 7/23] sub-HYPE06  err=0.0069
  [ 8/23] sub-HYPE07  err=0.0067
  [ 9/23] sub-HYPE08  err=0.0137
  [10/23] sub-HYPE09  err=0.0180
  [11/23] sub-HYPE10  err=0.0038
  [12/23] sub-HYPE11  err=0.0127
  [13/23] sub-HYPE12  err=0.0054
  [14/23] sub-HYPE13  err=0.0116
  [15/23] sub-HYPE14  err=0.0162
  [16/23] sub-HYPE15  err=0.0181
  [17/23] sub-HYPE16  err=0.0228
  [18/23] sub-HYPE17  err=0.0039
  [19/23] sub-HYPE18  err=0.0079
  [20/23] sub-HYPE19  err=0.0120
  [21/23] sub-HYPE20  err=0.0005
  [22/23] sub-HYPE21  err=0.0335
  [23/23] sub-HYPE22  err=0.0167

==============================================================
ADAPTER ABLATION incl. LoRA
Strategy          Params      MAE              95% CI     Bias
--------------------------------------------------------------
  head_only          257   0.0133     [0.0099-0.0170]  -0.0022
  ln_head            769   0.0137     [0.0104-0.0172]  -0.0023
  lora            41,217   0.0128     [0.0099-0.0160]  -0.0018
  full_ft      4,225,537   0.0123     [0.0091-0.0158]  +0.0018

Saved -> /home/gk-krishnan/Desktop/VIT Paper/Paper 2/experiments/ablation_lora/results.json
