==============================================================
Multi-Seed LOOCV Robustness (LN+head, 769 params)
Seeds: [42, 1, 7, 123, 2024]
==============================================================
      Epoch  20/80  loss=0.000331
      Epoch  40/80  loss=0.000242
      Epoch  60/80  loss=0.000273
      Epoch  80/80  loss=0.000271
    seed 42  [ 1/23] sub-HYPE00  err=0.0094
      Epoch  20/80  loss=0.000330
      Epoch  40/80  loss=0.000275
      Epoch  60/80  loss=0.000276
      Epoch  80/80  loss=0.000276
    seed 42  [ 2/23] sub-HYPE01  err=0.0260
      Epoch  20/80  loss=0.000327
      Epoch  40/80  loss=0.000311
      Epoch  60/80  loss=0.000289
      Epoch  80/80  loss=0.000297
    seed 42  [ 3/23] sub-HYPE02  err=0.0101
      Epoch  20/80  loss=0.000333
      Epoch  40/80  loss=0.000318
      Epoch  60/80  loss=0.000319
      Epoch  80/80  loss=0.000250
    seed 42  [ 4/23] sub-HYPE03  err=0.0075
      Epoch  20/80  loss=0.000303
      Epoch  40/80  loss=0.000258
      Epoch  60/80  loss=0.000247
      Epoch  80/80  loss=0.000244
    seed 42  [ 5/23] sub-HYPE04  err=0.0165
      Epoch  20/80  loss=0.000291
      Epoch  40/80  loss=0.000304
      Epoch  60/80  loss=0.000252
      Epoch  80/80  loss=0.000245
    seed 42  [ 6/23] sub-HYPE05  err=0.0133
      Epoch  20/80  loss=0.000323
      Epoch  40/80  loss=0.000294
      Epoch  60/80  loss=0.000291
      Epoch  80/80  loss=0.000311
    seed 42  [ 7/23] sub-HYPE06  err=0.0084
      Epoch  20/80  loss=0.000341
      Epoch  40/80  loss=0.000291
      Epoch  60/80  loss=0.000231
      Epoch  80/80  loss=0.000279
    seed 42  [ 8/23] sub-HYPE07  err=0.0076
      Epoch  20/80  loss=0.000330
      Epoch  40/80  loss=0.000259
      Epoch  60/80  loss=0.000294
      Epoch  80/80  loss=0.000278
    seed 42  [ 9/23] sub-HYPE08  err=0.0112
      Epoch  20/80  loss=0.000339
      Epoch  40/80  loss=0.000278
      Epoch  60/80  loss=0.000288
      Epoch  80/80  loss=0.000219
    seed 42  [10/23] sub-HYPE09  err=0.0181
      Epoch  20/80  loss=0.000310
      Epoch  40/80  loss=0.000265
      Epoch  60/80  loss=0.000256
      Epoch  80/80  loss=0.000288
    seed 42  [11/23] sub-HYPE10  err=0.0063
      Epoch  20/80  loss=0.000470
      Epoch  40/80  loss=0.000303
      Epoch  60/80  loss=0.000273
      Epoch  80/80  loss=0.000282
    seed 42  [12/23] sub-HYPE11  err=0.0140
      Epoch  20/80  loss=0.000288
      Epoch  40/80  loss=0.000297
      Epoch  60/80  loss=0.000336
      Epoch  80/80  loss=0.000262
    seed 42  [13/23] sub-HYPE12  err=0.0074
      Epoch  20/80  loss=0.000284
      Epoch  40/80  loss=0.000292
      Epoch  60/80  loss=0.000270
      Epoch  80/80  loss=0.000277
    seed 42  [14/23] sub-HYPE13  err=0.0158
      Epoch  20/80  loss=0.000314
      Epoch  40/80  loss=0.000244
      Epoch  60/80  loss=0.000257
      Epoch  80/80  loss=0.000307
    seed 42  [15/23] sub-HYPE14  err=0.0171
      Epoch  20/80  loss=0.000316
      Epoch  40/80  loss=0.000330
      Epoch  60/80  loss=0.000286
      Epoch  80/80  loss=0.000214
    seed 42  [16/23] sub-HYPE15  err=0.0183
      Epoch  20/80  loss=0.000338
      Epoch  40/80  loss=0.000285
      Epoch  60/80  loss=0.000273
      Epoch  80/80  loss=0.000280
    seed 42  [17/23] sub-HYPE16  err=0.0195
      Epoch  20/80  loss=0.000355
      Epoch  40/80  loss=0.000365
      Epoch  60/80  loss=0.000284
      Epoch  80/80  loss=0.000247
    seed 42  [18/23] sub-HYPE17  err=0.0024
      Epoch  20/80  loss=0.000332
      Epoch  40/80  loss=0.000302
      Epoch  60/80  loss=0.000340
      Epoch  80/80  loss=0.000280
    seed 42  [19/23] sub-HYPE18  err=0.0072
      Epoch  20/80  loss=0.000337
      Epoch  40/80  loss=0.000309
      Epoch  60/80  loss=0.000273
      Epoch  80/80  loss=0.000273
    seed 42  [20/23] sub-HYPE19  err=0.0127
      Epoch  20/80  loss=0.000360
      Epoch  40/80  loss=0.000276
      Epoch  60/80  loss=0.000269
      Epoch  80/80  loss=0.000260
    seed 42  [21/23] sub-HYPE20  err=0.0015
      Epoch  20/80  loss=0.000233
      Epoch  40/80  loss=0.000228
      Epoch  60/80  loss=0.000236
      Epoch  80/80  loss=0.000220
    seed 42  [22/23] sub-HYPE21  err=0.0379
      Epoch  20/80  loss=0.000303
      Epoch  40/80  loss=0.000285
      Epoch  60/80  loss=0.000277
      Epoch  80/80  loss=0.000211
    seed 42  [23/23] sub-HYPE22  err=0.0175
  → seed 42: MAE=0.0133  bias=-0.0021  21/23 below 0.020  ICC=0.6286686001332982
      Epoch  20/80  loss=0.000371
      Epoch  40/80  loss=0.000288
      Epoch  60/80  loss=0.000279
      Epoch  80/80  loss=0.000249
    seed 1  [ 1/23] sub-HYPE00  err=0.0140
      Epoch  20/80  loss=0.000350
      Epoch  40/80  loss=0.000312
      Epoch  60/80  loss=0.000289
      Epoch  80/80  loss=0.000237
    seed 1  [ 2/23] sub-HYPE01  err=0.0265
      Epoch  20/80  loss=0.000296
      Epoch  40/80  loss=0.000363
      Epoch  60/80  loss=0.000315
      Epoch  80/80  loss=0.000315
    seed 1  [ 3/23] sub-HYPE02  err=0.0116
      Epoch  20/80  loss=0.000298
      Epoch  40/80  loss=0.000293
      Epoch  60/80  loss=0.000277
      Epoch  80/80  loss=0.000237
    seed 1  [ 4/23] sub-HYPE03  err=0.0077
      Epoch  20/80  loss=0.000298
      Epoch  40/80  loss=0.000292
      Epoch  60/80  loss=0.000270
      Epoch  80/80  loss=0.000254
    seed 1  [ 5/23] sub-HYPE04  err=0.0163
      Epoch  20/80  loss=0.000310
      Epoch  40/80  loss=0.000272
      Epoch  60/80  loss=0.000289
      Epoch  80/80  loss=0.000251
    seed 1  [ 6/23] sub-HYPE05  err=0.0069
      Epoch  20/80  loss=0.000326
      Epoch  40/80  loss=0.000295
      Epoch  60/80  loss=0.000223
      Epoch  80/80  loss=0.000258
    seed 1  [ 7/23] sub-HYPE06  err=0.0063
      Epoch  20/80  loss=0.000314
      Epoch  40/80  loss=0.000260
      Epoch  60/80  loss=0.000303
      Epoch  80/80  loss=0.000278
    seed 1  [ 8/23] sub-HYPE07  err=0.0103
      Epoch  20/80  loss=0.000334
      Epoch  40/80  loss=0.000290
      Epoch  60/80  loss=0.000293
      Epoch  80/80  loss=0.000281
    seed 1  [ 9/23] sub-HYPE08  err=0.0122
      Epoch  20/80  loss=0.000325
      Epoch  40/80  loss=0.000276
      Epoch  60/80  loss=0.000300
      Epoch  80/80  loss=0.000244
    seed 1  [10/23] sub-HYPE09  err=0.0176
      Epoch  20/80  loss=0.000351
      Epoch  40/80  loss=0.000293
      Epoch  60/80  loss=0.000292
      Epoch  80/80  loss=0.000312
    seed 1  [11/23] sub-HYPE10  err=0.0060
      Epoch  20/80  loss=0.000311
      Epoch  40/80  loss=0.000341
      Epoch  60/80  loss=0.000232
      Epoch  80/80  loss=0.000270
    seed 1  [12/23] sub-HYPE11  err=0.0102
      Epoch  20/80  loss=0.000305
      Epoch  40/80  loss=0.000311
      Epoch  60/80  loss=0.000316
      Epoch  80/80  loss=0.000250
    seed 1  [13/23] sub-HYPE12  err=0.0053
      Epoch  20/80  loss=0.000328
      Epoch  40/80  loss=0.000371
      Epoch  60/80  loss=0.000316
      Epoch  80/80  loss=0.000264
    seed 1  [14/23] sub-HYPE13  err=0.0153
      Epoch  20/80  loss=0.000375
      Epoch  40/80  loss=0.000316
      Epoch  60/80  loss=0.000290
      Epoch  80/80  loss=0.000283
    seed 1  [15/23] sub-HYPE14  err=0.0167
      Epoch  20/80  loss=0.000340
      Epoch  40/80  loss=0.000342
      Epoch  60/80  loss=0.000299
      Epoch  80/80  loss=0.000260
    seed 1  [16/23] sub-HYPE15  err=0.0247
      Epoch  20/80  loss=0.000311
      Epoch  40/80  loss=0.000282
      Epoch  60/80  loss=0.000266
      Epoch  80/80  loss=0.000290
    seed 1  [17/23] sub-HYPE16  err=0.0207
      Epoch  20/80  loss=0.000359
      Epoch  40/80  loss=0.000358
      Epoch  60/80  loss=0.000309
      Epoch  80/80  loss=0.000294
    seed 1  [18/23] sub-HYPE17  err=0.0005
      Epoch  20/80  loss=0.000302
      Epoch  40/80  loss=0.000336
      Epoch  60/80  loss=0.000300
      Epoch  80/80  loss=0.000299
    seed 1  [19/23] sub-HYPE18  err=0.0074
      Epoch  20/80  loss=0.000306
      Epoch  40/80  loss=0.000316
      Epoch  60/80  loss=0.000323
      Epoch  80/80  loss=0.000318
    seed 1  [20/23] sub-HYPE19  err=0.0123
      Epoch  20/80  loss=0.000318
      Epoch  40/80  loss=0.000297
      Epoch  60/80  loss=0.000254
      Epoch  80/80  loss=0.000235
    seed 1  [21/23] sub-HYPE20  err=0.0002
      Epoch  20/80  loss=0.000254
      Epoch  40/80  loss=0.000278
      Epoch  60/80  loss=0.000259
      Epoch  80/80  loss=0.000246
    seed 1  [22/23] sub-HYPE21  err=0.0384
      Epoch  20/80  loss=0.000245
      Epoch  40/80  loss=0.000239
      Epoch  60/80  loss=0.000239
      Epoch  80/80  loss=0.000254
    seed 1  [23/23] sub-HYPE22  err=0.0208
  → seed 1: MAE=0.0134  bias=-0.0020  18/23 below 0.020  ICC=0.6285263294627261
      Epoch  20/80  loss=0.000312
      Epoch  40/80  loss=0.000329
      Epoch  60/80  loss=0.000261
      Epoch  80/80  loss=0.000251
    seed 7  [ 1/23] sub-HYPE00  err=0.0127
      Epoch  20/80  loss=0.000314
      Epoch  40/80  loss=0.000276
      Epoch  60/80  loss=0.000274
      Epoch  80/80  loss=0.000279
    seed 7  [ 2/23] sub-HYPE01  err=0.0308
      Epoch  20/80  loss=0.000265
      Epoch  40/80  loss=0.000294
      Epoch  60/80  loss=0.000238
      Epoch  80/80  loss=0.000262
    seed 7  [ 3/23] sub-HYPE02  err=0.0098
      Epoch  20/80  loss=0.000304
      Epoch  40/80  loss=0.000304
      Epoch  60/80  loss=0.000274
      Epoch  80/80  loss=0.000228
    seed 7  [ 4/23] sub-HYPE03  err=0.0082
      Epoch  20/80  loss=0.000309
      Epoch  40/80  loss=0.000345
      Epoch  60/80  loss=0.000214
      Epoch  80/80  loss=0.000229
    seed 7  [ 5/23] sub-HYPE04  err=0.0208
      Epoch  20/80  loss=0.000299
      Epoch  40/80  loss=0.000314
      Epoch  60/80  loss=0.000304
      Epoch  80/80  loss=0.000306
    seed 7  [ 6/23] sub-HYPE05  err=0.0091
      Epoch  20/80  loss=0.000295
      Epoch  40/80  loss=0.000268
      Epoch  60/80  loss=0.000272
      Epoch  80/80  loss=0.000260
    seed 7  [ 7/23] sub-HYPE06  err=0.0051
      Epoch  20/80  loss=0.000316
      Epoch  40/80  loss=0.000299
      Epoch  60/80  loss=0.000293
      Epoch  80/80  loss=0.000280
    seed 7  [ 8/23] sub-HYPE07  err=0.0055
      Epoch  20/80  loss=0.000302
      Epoch  40/80  loss=0.000339
      Epoch  60/80  loss=0.000309
      Epoch  80/80  loss=0.000278
    seed 7  [ 9/23] sub-HYPE08  err=0.0096
      Epoch  20/80  loss=0.000356
      Epoch  40/80  loss=0.000292
      Epoch  60/80  loss=0.000253
      Epoch  80/80  loss=0.000252
    seed 7  [10/23] sub-HYPE09  err=0.0194
      Epoch  20/80  loss=0.000309
      Epoch  40/80  loss=0.000302
      Epoch  60/80  loss=0.000255
      Epoch  80/80  loss=0.000283
    seed 7  [11/23] sub-HYPE10  err=0.0055
      Epoch  20/80  loss=0.000285
      Epoch  40/80  loss=0.000285
      Epoch  60/80  loss=0.000304
      Epoch  80/80  loss=0.000245
    seed 7  [12/23] sub-HYPE11  err=0.0130
      Epoch  20/80  loss=0.000326
      Epoch  40/80  loss=0.000282
      Epoch  60/80  loss=0.000284
      Epoch  80/80  loss=0.000254
    seed 7  [13/23] sub-HYPE12  err=0.0040
      Epoch  20/80  loss=0.000313
      Epoch  40/80  loss=0.000347
      Epoch  60/80  loss=0.000263
      Epoch  80/80  loss=0.000232
    seed 7  [14/23] sub-HYPE13  err=0.0114
      Epoch  20/80  loss=0.000291
      Epoch  40/80  loss=0.000317
      Epoch  60/80  loss=0.000301
      Epoch  80/80  loss=0.000270
    seed 7  [15/23] sub-HYPE14  err=0.0170
      Epoch  20/80  loss=0.000324
      Epoch  40/80  loss=0.000299
      Epoch  60/80  loss=0.000310
      Epoch  80/80  loss=0.000222
    seed 7  [16/23] sub-HYPE15  err=0.0188
      Epoch  20/80  loss=0.000307
      Epoch  40/80  loss=0.000281
      Epoch  60/80  loss=0.000290
      Epoch  80/80  loss=0.000265
    seed 7  [17/23] sub-HYPE16  err=0.0249
      Epoch  20/80  loss=0.000358
      Epoch  40/80  loss=0.000325
      Epoch  60/80  loss=0.000293
      Epoch  80/80  loss=0.000292
    seed 7  [18/23] sub-HYPE17  err=0.0017
      Epoch  20/80  loss=0.000332
      Epoch  40/80  loss=0.000320
      Epoch  60/80  loss=0.000282
      Epoch  80/80  loss=0.000243
    seed 7  [19/23] sub-HYPE18  err=0.0039
      Epoch  20/80  loss=0.000390
      Epoch  40/80  loss=0.000300
      Epoch  60/80  loss=0.000260
      Epoch  80/80  loss=0.000259
    seed 7  [20/23] sub-HYPE19  err=0.0125
      Epoch  20/80  loss=0.000452
      Epoch  40/80  loss=0.000338
      Epoch  60/80  loss=0.000347
      Epoch  80/80  loss=0.000322
    seed 7  [21/23] sub-HYPE20  err=0.0004
      Epoch  20/80  loss=0.000363
      Epoch  40/80  loss=0.000238
      Epoch  60/80  loss=0.000211
      Epoch  80/80  loss=0.000199
    seed 7  [22/23] sub-HYPE21  err=0.0352
      Epoch  20/80  loss=0.000282
      Epoch  40/80  loss=0.000321
      Epoch  60/80  loss=0.000268
      Epoch  80/80  loss=0.000304
    seed 7  [23/23] sub-HYPE22  err=0.0184
  → seed 7: MAE=0.0129  bias=-0.0022  19/23 below 0.020  ICC=0.5628750348133419
      Epoch  20/80  loss=0.000337
      Epoch  40/80  loss=0.000338
      Epoch  60/80  loss=0.000300
      Epoch  80/80  loss=0.000260
    seed 123  [ 1/23] sub-HYPE00  err=0.0062
      Epoch  20/80  loss=0.000339
      Epoch  40/80  loss=0.000247
      Epoch  60/80  loss=0.000223
      Epoch  80/80  loss=0.000246
    seed 123  [ 2/23] sub-HYPE01  err=0.0239
      Epoch  20/80  loss=0.000407
      Epoch  40/80  loss=0.000284
      Epoch  60/80  loss=0.000279
      Epoch  80/80  loss=0.000276
    seed 123  [ 3/23] sub-HYPE02  err=0.0070
      Epoch  20/80  loss=0.000309
      Epoch  40/80  loss=0.000302
      Epoch  60/80  loss=0.000275
      Epoch  80/80  loss=0.000258
    seed 123  [ 4/23] sub-HYPE03  err=0.0085
      Epoch  20/80  loss=0.000337
      Epoch  40/80  loss=0.000339
      Epoch  60/80  loss=0.000272
      Epoch  80/80  loss=0.000292
    seed 123  [ 5/23] sub-HYPE04  err=0.0253
      Epoch  20/80  loss=0.000390
      Epoch  40/80  loss=0.000351
      Epoch  60/80  loss=0.000275
      Epoch  80/80  loss=0.000319
    seed 123  [ 6/23] sub-HYPE05  err=0.0101
      Epoch  20/80  loss=0.000330
      Epoch  40/80  loss=0.000322
      Epoch  60/80  loss=0.000269
      Epoch  80/80  loss=0.000250
    seed 123  [ 7/23] sub-HYPE06  err=0.0133
      Epoch  20/80  loss=0.000296
      Epoch  40/80  loss=0.000256
      Epoch  60/80  loss=0.000235
      Epoch  80/80  loss=0.000258
    seed 123  [ 8/23] sub-HYPE07  err=0.0106
      Epoch  20/80  loss=0.000379
      Epoch  40/80  loss=0.000276
      Epoch  60/80  loss=0.000278
      Epoch  80/80  loss=0.000275
    seed 123  [ 9/23] sub-HYPE08  err=0.0093
      Epoch  20/80  loss=0.000355
      Epoch  40/80  loss=0.000269
      Epoch  60/80  loss=0.000272
      Epoch  80/80  loss=0.000284
    seed 123  [10/23] sub-HYPE09  err=0.0180
      Epoch  20/80  loss=0.000350
      Epoch  40/80  loss=0.000287
      Epoch  60/80  loss=0.000278
      Epoch  80/80  loss=0.000236
    seed 123  [11/23] sub-HYPE10  err=0.0054
      Epoch  20/80  loss=0.000310
      Epoch  40/80  loss=0.000300
      Epoch  60/80  loss=0.000274
      Epoch  80/80  loss=0.000265
    seed 123  [12/23] sub-HYPE11  err=0.0116
      Epoch  20/80  loss=0.000312
      Epoch  40/80  loss=0.000275
      Epoch  60/80  loss=0.000292
      Epoch  80/80  loss=0.000289
    seed 123  [13/23] sub-HYPE12  err=0.0057
      Epoch  20/80  loss=0.000338
      Epoch  40/80  loss=0.000306
      Epoch  60/80  loss=0.000292
      Epoch  80/80  loss=0.000246
    seed 123  [14/23] sub-HYPE13  err=0.0110
      Epoch  20/80  loss=0.000278
      Epoch  40/80  loss=0.000264
      Epoch  60/80  loss=0.000284
      Epoch  80/80  loss=0.000242
    seed 123  [15/23] sub-HYPE14  err=0.0190
      Epoch  20/80  loss=0.000292
      Epoch  40/80  loss=0.000316
      Epoch  60/80  loss=0.000301
      Epoch  80/80  loss=0.000301
    seed 123  [16/23] sub-HYPE15  err=0.0186
      Epoch  20/80  loss=0.000306
      Epoch  40/80  loss=0.000285
      Epoch  60/80  loss=0.000265
      Epoch  80/80  loss=0.000254
    seed 123  [17/23] sub-HYPE16  err=0.0220
      Epoch  20/80  loss=0.000353
      Epoch  40/80  loss=0.000342
      Epoch  60/80  loss=0.000305
      Epoch  80/80  loss=0.000287
    seed 123  [18/23] sub-HYPE17  err=0.0000
      Epoch  20/80  loss=0.000287
      Epoch  40/80  loss=0.000312
      Epoch  60/80  loss=0.000321
      Epoch  80/80  loss=0.000304
    seed 123  [19/23] sub-HYPE18  err=0.0082
      Epoch  20/80  loss=0.000356
      Epoch  40/80  loss=0.000337
      Epoch  60/80  loss=0.000235
      Epoch  80/80  loss=0.000279
    seed 123  [20/23] sub-HYPE19  err=0.0139
      Epoch  20/80  loss=0.000336
      Epoch  40/80  loss=0.000292
      Epoch  60/80  loss=0.000299
      Epoch  80/80  loss=0.000268
    seed 123  [21/23] sub-HYPE20  err=0.0017
      Epoch  20/80  loss=0.000266
      Epoch  40/80  loss=0.000240
      Epoch  60/80  loss=0.000209
      Epoch  80/80  loss=0.000212
    seed 123  [22/23] sub-HYPE21  err=0.0340
      Epoch  20/80  loss=0.000300
      Epoch  40/80  loss=0.000288
      Epoch  60/80  loss=0.000192
      Epoch  80/80  loss=0.000213
    seed 123  [23/23] sub-HYPE22  err=0.0171
  → seed 123: MAE=0.0131  bias=-0.0014  19/23 below 0.020  ICC=0.7141510609179577
      Epoch  20/80  loss=0.000351
      Epoch  40/80  loss=0.000362
      Epoch  60/80  loss=0.000283
      Epoch  80/80  loss=0.000257
    seed 2024  [ 1/23] sub-HYPE00  err=0.0132
      Epoch  20/80  loss=0.000310
      Epoch  40/80  loss=0.000258
      Epoch  60/80  loss=0.000272
      Epoch  80/80  loss=0.000242
    seed 2024  [ 2/23] sub-HYPE01  err=0.0270
      Epoch  20/80  loss=0.000278
      Epoch  40/80  loss=0.000314
      Epoch  60/80  loss=0.000290
      Epoch  80/80  loss=0.000261
    seed 2024  [ 3/23] sub-HYPE02  err=0.0096
      Epoch  20/80  loss=0.000297
      Epoch  40/80  loss=0.000323
      Epoch  60/80  loss=0.000273
      Epoch  80/80  loss=0.000290
    seed 2024  [ 4/23] sub-HYPE03  err=0.0020
      Epoch  20/80  loss=0.000351
      Epoch  40/80  loss=0.000303
      Epoch  60/80  loss=0.000257
      Epoch  80/80  loss=0.000262
    seed 2024  [ 5/23] sub-HYPE04  err=0.0168
      Epoch  20/80  loss=0.000313
      Epoch  40/80  loss=0.000306
      Epoch  60/80  loss=0.000289
      Epoch  80/80  loss=0.000206
    seed 2024  [ 6/23] sub-HYPE05  err=0.0083
      Epoch  20/80  loss=0.000326
      Epoch  40/80  loss=0.000329
      Epoch  60/80  loss=0.000262
      Epoch  80/80  loss=0.000260
    seed 2024  [ 7/23] sub-HYPE06  err=0.0014
      Epoch  20/80  loss=0.000316
      Epoch  40/80  loss=0.000356
      Epoch  60/80  loss=0.000294
      Epoch  80/80  loss=0.000271
    seed 2024  [ 8/23] sub-HYPE07  err=0.0065
      Epoch  20/80  loss=0.000277
      Epoch  40/80  loss=0.000288
      Epoch  60/80  loss=0.000273
      Epoch  80/80  loss=0.000287
    seed 2024  [ 9/23] sub-HYPE08  err=0.0109
      Epoch  20/80  loss=0.000349
      Epoch  40/80  loss=0.000259
      Epoch  60/80  loss=0.000260
      Epoch  80/80  loss=0.000271
    seed 2024  [10/23] sub-HYPE09  err=0.0161
      Epoch  20/80  loss=0.000345
      Epoch  40/80  loss=0.000274
      Epoch  60/80  loss=0.000249
      Epoch  80/80  loss=0.000323
    seed 2024  [11/23] sub-HYPE10  err=0.0050
      Epoch  20/80  loss=0.000280
      Epoch  40/80  loss=0.000308
      Epoch  60/80  loss=0.000278
      Epoch  80/80  loss=0.000252
    seed 2024  [12/23] sub-HYPE11  err=0.0137
      Epoch  20/80  loss=0.000331
      Epoch  40/80  loss=0.000280
      Epoch  60/80  loss=0.000258
      Epoch  80/80  loss=0.000345
    seed 2024  [13/23] sub-HYPE12  err=0.0065
      Epoch  20/80  loss=0.000325
      Epoch  40/80  loss=0.000321
      Epoch  60/80  loss=0.000241
      Epoch  80/80  loss=0.000289
    seed 2024  [14/23] sub-HYPE13  err=0.0121
      Epoch  20/80  loss=0.000298
      Epoch  40/80  loss=0.000268
      Epoch  60/80  loss=0.000236
      Epoch  80/80  loss=0.000250
    seed 2024  [15/23] sub-HYPE14  err=0.0170
      Epoch  20/80  loss=0.000264
      Epoch  40/80  loss=0.000301
      Epoch  60/80  loss=0.000250
      Epoch  80/80  loss=0.000230
    seed 2024  [16/23] sub-HYPE15  err=0.0116
      Epoch  20/80  loss=0.000329
      Epoch  40/80  loss=0.000334
      Epoch  60/80  loss=0.000233
      Epoch  80/80  loss=0.000254
    seed 2024  [17/23] sub-HYPE16  err=0.0224
      Epoch  20/80  loss=0.000359
      Epoch  40/80  loss=0.000359
      Epoch  60/80  loss=0.000285
      Epoch  80/80  loss=0.000251
    seed 2024  [18/23] sub-HYPE17  err=0.0007
      Epoch  20/80  loss=0.000403
      Epoch  40/80  loss=0.000301
      Epoch  60/80  loss=0.000269
      Epoch  80/80  loss=0.000269
    seed 2024  [19/23] sub-HYPE18  err=0.0151
      Epoch  20/80  loss=0.000323
      Epoch  40/80  loss=0.000332
      Epoch  60/80  loss=0.000325
      Epoch  80/80  loss=0.000263
    seed 2024  [20/23] sub-HYPE19  err=0.0154
      Epoch  20/80  loss=0.000310
      Epoch  40/80  loss=0.000302
      Epoch  60/80  loss=0.000275
      Epoch  80/80  loss=0.000261
    seed 2024  [21/23] sub-HYPE20  err=0.0009
      Epoch  20/80  loss=0.000405
      Epoch  40/80  loss=0.000263
      Epoch  60/80  loss=0.000225
      Epoch  80/80  loss=0.000255
    seed 2024  [22/23] sub-HYPE21  err=0.0340
      Epoch  20/80  loss=0.000294
      Epoch  40/80  loss=0.000307
      Epoch  60/80  loss=0.000294
      Epoch  80/80  loss=0.000279
    seed 2024  [23/23] sub-HYPE22  err=0.0172
  → seed 2024: MAE=0.0123  bias=-0.0019  20/23 below 0.020  ICC=0.6842141960674654

==============================================================
MULTI-SEED SUMMARY
  MAE  = 0.0130 ± 0.0004  (range 0.0123–0.0134)
  ICC  = 0.6437 ± 0.0583
==============================================================
Saved → /home/gk-krishnan/Desktop/VIT Paper/Paper 2/experiments/multiseed_loocv/results.json
